
> web@0.1.0 build E:\chaicode_eval\Form_Builder\apps\web
> dotenv -e ../../.env -- next build

⚠ You are using a non-standard "NODE_ENV" value in your environment. This creates inconsistencies in the project and is strongly advised against. Read more: https://nextjs.org/docs/messages/non-standard-node-env
▲ Next.js 16.2.0 (Turbopack)

⚠ The "middleware" file convention is deprecated. Please use "proxy" instead. Learn more: https://nextjs.org/docs/messages/middleware-to-proxy
  Creating an optimized production build ...
✓ Compiled successfully in 27.0s
  Running TypeScript ...
  Finished TypeScript in 29.3s ...
  Collecting page data using 7 workers ...
  Generating static pages using 7 workers (0/6) ...
Each child in a list should have a unique "key" prop.

Check the top-level render call using <meta>. See https://react.dev/link/warning-keys for more information.
Each child in a list should have a unique "key" prop.

Check the top-level render call using <meta>. See https://react.dev/link/warning-keys for more information.
Each child in a list should have a unique "key" prop.

Check the top-level render call using <head>. See https://react.dev/link/warning-keys for more information.
Each child in a list should have a unique "key" prop.

Check the top-level render call using <__next_viewport_boundary__>. See https://react.dev/link/warning-keys for more information.
Each child in a list should have a unique "key" prop. See https://react.dev/link/warning-keys for more information.
Each child in a list should have a unique "key" prop.

Check the top-level render call using <meta>. See https://react.dev/link/warning-keys for more information.
Each child in a list should have a unique "key" prop.

Check the top-level render call using <head>. See https://react.dev/link/warning-keys for more information.
Each child in a list should have a unique "key" prop.

Check the top-level render call using <__next_viewport_boundary__>. See https://react.dev/link/warning-keys for more information.
Each child in a list should have a unique "key" prop.

Check the top-level render call using <meta>. See https://react.dev/link/warning-keys for more information.
Each child in a list should have a unique "key" prop.

Check the top-level render call using <head>. See https://react.dev/link/warning-keys for more information.
Each child in a list should have a unique "key" prop.

Check the top-level render call using <__next_viewport_boundary__>. See https://react.dev/link/warning-keys for more information.
Each child in a list should have a unique "key" prop.

Check the top-level render call using <meta>. See https://react.dev/link/warning-keys for more information.
Each child in a list should have a unique "key" prop.

Check the top-level render call using <head>. See https://react.dev/link/warning-keys for more information.
Each child in a list should have a unique "key" prop.

Check the top-level render call using <__next_viewport_boundary__>. See https://react.dev/link/warning-keys for more information.
Each child in a list should have a unique "key" prop.

Check the top-level render call using <meta>. See https://react.dev/link/warning-keys for more information.
Each child in a list should have a unique "key" prop.

Check the top-level render call using <head>. See https://react.dev/link/warning-keys for more information.
Error occurred prerendering page "/_not-found". Read more: https://nextjs.org/docs/messages/prerender-error
TypeError: Cannot read properties of null (reading 'useContext')
    at i (E:\chaicode_eval\Form_Builder\apps\web\.next\server\chunks\ssr\_0n-ptn3._.js:1:4877)
    at <unknown> (E:\chaicode_eval\Form_Builder\apps\web\.next\server\chunks\ssr\_0n-ptn3._.js:1:10575) {
  digest: '3767844741'
}
Export encountered an error on /_not-found/page: /_not-found, exiting the build.
⨯ Next.js build worker exited with code: 1 and signal: null
E:\chaicode_eval\Form_Builder\apps\web:
 ERR_PNPM_RECURSIVE_RUN_FIRST_FAIL  web@0.1.0 build: `dotenv -e ../../.env -- next build`
Exit status 1
